DEBUG tests/velocity_tests.cu:31 ----- RUNNING: ./tests/velocity_tests
DEBUG tests/velocity_tests.cu:26 
----- test_velocity_init
DEBUG tests/velocity_tests.cu:9 test_velocity_init
[INFO] (tests/velocity_tests.cu:28) Testing complete
Segmentation fault (core dumped)
DEBUG tests/velocity_tests.cu:32 ----- RUNNING: ./tests/velocity_tests
DEBUG tests/velocity_tests.cu:26 
----- test_velocity_init
DEBUG tests/velocity_tests.cu:9 test_velocity_init
[INFO] (tests/velocity_tests.cu:28) Testing complete
